2026-09-15 05:34:39,505 - INFO - Matplotlib 字体设置：使用回退字体列表，首选可用字体: Noto Sans CJK SC
2026-09-15 05:34:41,398 - INFO - 使用指定 ChromeDriver: /usr/bin/chromedriver
2026-09-15 05:34:41,524 - INFO - ddddocr 识别器初始化成功
2026-09-15 05:34:41,680 - INFO - captcha-recognizer 滑块识别模型初始化成功
2026-09-15 05:34:41,680 - INFO - 开始南京大学电费监控流程（自动无头模式）
2026-09-15 05:34:41,681 - INFO - 已初始化并清空验证码图片目录: /home/runner/work/nju_electric_monitor/nju_electric_monitor/src/../data/captcha_workflow
2026-09-15 05:34:41,681 - INFO - 正在打开页面: https://epay.nju.edu.cn/epay/h5/nju/electric/index
2026-09-15 05:34:50,598 - INFO - 等待登录表单加载...
2026-09-15 05:34:51,249 - INFO - 登录表单已加载
2026-09-15 05:34:51,249 - INFO - 开始填写登录表单...
2026-09-15 05:34:51,331 - INFO - 用户名填写完成
2026-09-15 05:34:51,397 - INFO - 密码填写完成
2026-09-15 05:34:51,432 - INFO - 未检测到任何验证方式
2026-09-15 05:34:51,432 - INFO - 登录前验证方式检测: none
2026-09-15 05:34:51,432 - INFO - 未检测到传统验证码，点击登录按钮...
2026-09-15 05:34:51,432 - INFO - 查找并点击登录按钮...
2026-09-15 05:34:51,452 - INFO - 通过 ID=login_submit 找到登录按钮
2026-09-15 05:34:51,497 - INFO - 已点击登录按钮
2026-09-15 05:34:58,521 - INFO - 检测到滑块验证（sliderDiv）
2026-09-15 05:34:58,521 - INFO - 登录后验证方式检测: slider
2026-09-15 05:34:58,521 - INFO - 开始处理滑块验证...
2026-09-15 05:35:00,034 - INFO - 滑块验证第 1/3 轮尝试
2026-09-15 05:35:00,363 - INFO - 滑块缺口 box=[177,12,218,49], confidence=0.957, 截图=278px, DOM=278px, 缩放=1.00x, 拖拽偏移=177px
2026-09-15 05:35:00,363 - INFO - 滑块拖拽尝试 1/2 (偏移=177px)
2026-09-15 05:35:18,356 - WARNING - 滑块拖拽第 1 次未通过验证
2026-09-15 05:35:19,356 - INFO - 滑块拖拽尝试 2/2 (偏移=177px)
2026-09-15 05:35:37,286 - WARNING - 滑块拖拽第 2 次未通过验证
2026-09-15 05:35:37,286 - ERROR - 滑块验证 2 次尝试均失败
2026-09-15 05:35:37,286 - WARNING - 第 1 轮滑块拖拽失败
2026-09-15 05:35:38,287 - INFO - 滑块验证第 2/3 轮尝试
2026-09-15 05:35:38,612 - INFO - 滑块缺口 box=[49,51,90,89], confidence=0.954, 截图=280px, DOM=280px, 缩放=1.00x, 拖拽偏移=49px
2026-09-15 05:35:38,612 - INFO - 滑块拖拽尝试 1/2 (偏移=49px)
2026-09-15 05:35:54,096 - INFO - 滑块验证通过（sliderDiv 元素不存在）
2026-09-15 05:35:54,096 - INFO - 滑块验证第 2 轮成功
2026-09-15 05:35:54,096 - INFO - 等待登录成功...
2026-09-15 05:35:54,106 - INFO - 检测到已跳转到电费页面: https://epay.nju.edu.cn/epay/h5/nju/electric/index
2026-09-15 05:35:54,106 - INFO - 查找'去充值'按钮...
2026-09-15 05:35:54,126 - INFO - 通过文本包含 '去充值' 找到充值按钮
2026-09-15 05:35:55,764 - INFO - 已点击充值按钮
2026-09-15 05:35:58,764 - INFO - 开始提取剩余电量信息...
2026-09-15 05:35:58,781 - INFO - 找到电量信息元素（已省略具体文本以保护隐私）
2026-09-15 05:35:58,781 - WARNING - 未在元素中找到标准格式的电量信息
2026-09-15 05:35:58,791 - INFO - 找到 i 标签中的电量信息（已省略具体文本）
2026-09-15 05:35:58,791 - WARNING - i标签中未找到标准格式的电量信息
2026-09-15 05:35:58,792 - WARNING - 未找到i标签中的电量信息
2026-09-15 05:35:58,795 - INFO - 在页面源码中查找电量信息...
2026-09-15 05:35:58,795 - INFO - 从页面源码中提取到剩余电量: 23.56 度
2026-09-15 05:35:58,812 - INFO - 数据已保存: 23.56 度
2026-09-15 05:35:59,080 - INFO - 电量变化曲线图已保存到: /home/runner/work/nju_electric_monitor/nju_electric_monitor/src/../data/electricity_trend.png
2026-09-15 05:35:59,319 - INFO - 最近20次电量变化曲线图已保存到: /home/runner/work/nju_electric_monitor/nju_electric_monitor/src/../data/recent_20_changes.png
2026-09-15 05:35:59,319 - INFO - 当前剩余电量 23.56 度，高于告警阈值 15.0 度，不发送邮件
2026-09-15 05:35:59,320 - INFO - 监控流程完成
